[2026-09-28T18:45:36+00:00] بدء حلقة المراقبة (log-only) — مصدر الأسعار: cTrader Demo الحقيقي
[2026-09-28T18:45:36+00:00] السيرفر يعمل على 127.0.0.1:8123 — أول نداء بعد 60 ثانية من الإقلاع
[2026-09-28T18:45:36+00:00] سطور السجل قبل الحلقة: 34
[2026-09-28T18:45:42+00:00] نداء 1/14 @ 2026-09-28T18:45:36+00:00 → HTTP 200 | action=none | confidence=0.07 | size_usd=0.0 | سطور السجل بعد النداء: 35
[2026-09-28T18:45:42+00:00] انتظار 15 دقيقة…
[2026-09-28T18:56:12+00:00] بدء حلقة المراقبة (log-only) — مصدر الأسعار: cTrader Demo الحقيقي
[2026-09-28T18:56:12+00:00] السيرفر يعمل على 127.0.0.1:8123 — أول نداء بعد 60 ثانية من الإقلاع
[2026-09-28T18:56:12+00:00] سطور السجل قبل الحلقة: 35
[2026-09-28T18:56:18+00:00] نداء 1/14 @ 2026-09-28T18:56:12+00:00 → HTTP 200 | action=none | confidence=17.57 | size_usd=0.0 | سطور السجل بعد النداء: 36
[2026-09-28T18:56:18+00:00] انتظار 15 دقيقة…
[2026-09-28T19:07:28+00:00] بدء حلقة المراقبة (log-only) — مصدر الأسعار: cTrader Demo الحقيقي
ERROR:    [Errno 98] error while attempting to bind on address ('127.0.0.1', 8123): address already in use
[2026-09-28T19:08:23+00:00] خطأ: فشل رفع السيرفر خلال 60 ثانية
[2026-09-28T19:09:19+00:00] بدء حلقة المراقبة (log-only) — مصدر الأسعار: cTrader Demo الحقيقي
[2026-09-28T19:09:20+00:00] السيرفر يعمل على 127.0.0.1:8123 — أول نداء بعد 60 ثانية من الإقلاع
[2026-09-28T19:09:20+00:00] سطور السجل قبل الحلقة: 36
[2026-09-28T19:09:26+00:00] نداء 1/14 @ 2026-09-28T19:09:20+00:00 → HTTP 200 | action=none | confidence=17.45 | size_usd=0.0 | سطور السجل بعد النداء: 37
[2026-09-28T19:09:26+00:00] انتظار 15 دقيقة…
[2026-09-28T19:23:19+00:00] نداء 2/14 @ 2026-09-28T19:23:16+00:00 → HTTP 200 | action=none | confidence=18.91 | size_usd=0.0 | سطور السجل بعد النداء: 38
[2026-09-28T19:23:19+00:00] انتظار 15 دقيقة…
[2026-09-28T19:37:12+00:00] نداء 3/14 @ 2026-09-28T19:37:11+00:00 → HTTP 200 | action=none | confidence=16.36 | size_usd=0.0 | سطور السجل بعد النداء: 39
[2026-09-28T19:37:12+00:00] انتظار 15 دقيقة…
[2026-09-28T19:51:03+00:00] نداء 4/14 @ 2026-09-28T19:51:02+00:00 → HTTP 200 | action=none | confidence=15.39 | size_usd=0.0 | سطور السجل بعد النداء: 40
[2026-09-28T19:51:03+00:00] انتظار 15 دقيقة…
[2026-09-28T20:05:00+00:00] نداء 5/14 @ 2026-09-28T20:04:59+00:00 → HTTP 200 | action=none | confidence=24.5 | size_usd=0.0 | سطور السجل بعد النداء: 41
[2026-09-28T20:05:00+00:00] انتظار 15 دقيقة…
[2026-09-28T20:18:51+00:00] نداء 6/14 @ 2026-09-28T20:18:50+00:00 → HTTP 200 | action=none | confidence=35.83 | size_usd=0.0 | سطور السجل بعد النداء: 42
[2026-09-28T20:18:51+00:00] انتظار 15 دقيقة…
[2026-09-28T20:32:45+00:00] نداء 7/14 @ 2026-09-28T20:32:43+00:00 → HTTP 200 | action=none | confidence=64.94 | size_usd=0.0 | سطور السجل بعد النداء: 43
[2026-09-28T20:32:45+00:00] انتظار 15 دقيقة…
[2026-09-28T20:46:36+00:00] نداء 8/14 @ 2026-09-28T20:46:35+00:00 → HTTP 200 | action=none | confidence=67.81 | size_usd=0.0 | سطور السجل بعد النداء: 44
[2026-09-28T20:46:36+00:00] انتظار 15 دقيقة…
[2026-09-28T21:00:27+00:00] نداء 9/14 @ 2026-09-28T21:00:26+00:00 → HTTP 200 | action=none | confidence=67.39 | size_usd=0.0 | سطور السجل بعد النداء: 45
[2026-09-28T21:00:27+00:00] انتظار 15 دقيقة…
