# ExecutorHarness M15 run — base=http://127.0.0.1:8000 symbol=XAUUSD cycles=5 intervalSeconds=900 startedUtc=2026-10-07T11:56:29.4544164Z
2026-10-07 11:56:29.472 UTC | [XAU-BOT] =================================================================
2026-10-07 11:56:29.483 UTC | [XAU-BOT] بدء تشغيل XauBotExecutor — وضع مراقبة فقط (لا تنفيذ صفقات في هذه الدفعة).
2026-10-07 11:56:29.491 UTC | [XAU-BOT] RunningMode=RealTime | IsBacktesting=False
2026-10-07 11:56:29.493 UTC | [XAU-BOT] الحساب: النوع=Hedged | الرقم=12345678 | الوسيط=HarnessBroker | IsLive=False
2026-10-07 11:56:29.493 UTC | [XAU-BOT] ✅ فحص الحماية: الحساب Demo (IsLive=false) — تم اجتيازه. متابعة التشغيل.
2026-10-07 11:56:29.494 UTC | [XAU-BOT] تم الاشتراك في إغلاق شمعة M15 للرمز: XAUUSD
2026-10-07 11:56:29.495 UTC | [XAU-BOT] Endpoint: http://127.0.0.1:8000/decide-log-only?symbol=<symbol>&timeframe=M15
2026-10-07 11:56:29.496 UTC | [XAU-BOT] جاهز. سيُستدعى Brain API عند كل إغلاق شمعة M15.
2026-10-07 11:56:29.496 UTC | [XAU-BOT] =================================================================
2026-10-07 11:56:29.510 UTC | [XAU-BOT] ────────────────────────────────────────────────────────────────
2026-10-07 11:56:29.524 UTC | [XAU-BOT] 🔔 إغلاق شمعة M15 على XAUUSD @ 2026-10-07 11:56:29 UTC
2026-10-07 11:56:29.524 UTC | [XAU-BOT]    GET http://127.0.0.1:8000/decide-log-only?symbol=XAUUSD&timeframe=M15
2026-10-07 11:56:29.770 UTC | [XAU-BOT] ✅ قرار مُستلَم (نجاح #1) | mode=log-only | action=none | confidence=8.682 | position_size_usd=0
2026-10-07 11:56:29.771 UTC | [XAU-BOT]    reasons (6):
2026-10-07 11:56:29.771 UTC | [XAU-BOT]      - البيئة مناسبة للتداول
2026-10-07 11:56:29.771 UTC | [XAU-BOT]      - النظام الحالي: trend_down
2026-10-07 11:56:29.771 UTC | [XAU-BOT]      - ترند هابط واضح (ميل EMA=-2.15)
2026-10-07 11:56:29.771 UTC | [XAU-BOT]      - RSI محايد نسبياً (31.1)
2026-10-07 11:56:29.771 UTC | [XAU-BOT]      - الدولار في اتجاه هابط — يدعم صعود الذهب
2026-10-07 11:56:29.771 UTC | [XAU-BOT]      - النتيجة النهائية: -8.7 (اتجاه=none)
2026-10-07 11:56:29.771 UTC | [XAU-BOT]    dollar_trend_debug: null
2026-10-07 12:10:20.024 UTC | [XAU-BOT] ────────────────────────────────────────────────────────────────
2026-10-07 12:10:20.037 UTC | [XAU-BOT] 🔔 إغلاق شمعة M15 على XAUUSD @ 2026-10-07 12:10:20 UTC
2026-10-07 12:10:20.037 UTC | [XAU-BOT]    GET http://127.0.0.1:8000/decide-log-only?symbol=XAUUSD&timeframe=M15
2026-10-07 12:10:20.080 UTC | [XAU-BOT] ✅ قرار مُستلَم (نجاح #2) | mode=log-only | action=none | confidence=8.244 | position_size_usd=0
2026-10-07 12:10:20.080 UTC | [XAU-BOT]    reasons (6):
2026-10-07 12:10:20.080 UTC | [XAU-BOT]      - البيئة مناسبة للتداول
2026-10-07 12:10:20.080 UTC | [XAU-BOT]      - النظام الحالي: trend_up
2026-10-07 12:10:20.080 UTC | [XAU-BOT]      - ترند صاعد واضح (ميل EMA=3.03)
2026-10-07 12:10:20.080 UTC | [XAU-BOT]      - RSI متشبع شراء (73.1) — احتمال ارتداد هابط
2026-10-07 12:10:20.080 UTC | [XAU-BOT]      - الدولار في اتجاه صاعد — يضغط على الذهب
2026-10-07 12:10:20.080 UTC | [XAU-BOT]      - النتيجة النهائية: -8.2 (اتجاه=none)
2026-10-07 12:10:20.080 UTC | [XAU-BOT]    dollar_trend_debug: null
2026-10-07 12:24:10.386 UTC | [XAU-BOT] ────────────────────────────────────────────────────────────────
2026-10-07 12:24:10.388 UTC | [XAU-BOT] 🔔 إغلاق شمعة M15 على XAUUSD @ 2026-10-07 12:24:10 UTC
2026-10-07 12:24:10.388 UTC | [XAU-BOT]    GET http://127.0.0.1:8000/decide-log-only?symbol=XAUUSD&timeframe=M15
2026-10-07 12:24:10.441 UTC | [XAU-BOT] ✅ قرار مُستلَم (نجاح #3) | mode=log-only | action=none | confidence=48.304 | position_size_usd=0
2026-10-07 12:24:10.441 UTC | [XAU-BOT]    reasons (6):
2026-10-07 12:24:10.441 UTC | [XAU-BOT]      - البيئة مناسبة للتداول
2026-10-07 12:24:10.441 UTC | [XAU-BOT]      - النظام الحالي: trend_down
2026-10-07 12:24:10.441 UTC | [XAU-BOT]      - ترند هابط واضح (ميل EMA=-3.01)
2026-10-07 12:24:10.441 UTC | [XAU-BOT]      - RSI محايد نسبياً (39.7)
2026-10-07 12:24:10.442 UTC | [XAU-BOT]      - الدولار في اتجاه صاعد — يضغط على الذهب
2026-10-07 12:24:10.442 UTC | [XAU-BOT]      - النتيجة النهائية: -48.3 (اتجاه=none)
2026-10-07 12:24:10.442 UTC | [XAU-BOT]    dollar_trend_debug: null
2026-10-07 12:38:00.848 UTC | [XAU-BOT] ────────────────────────────────────────────────────────────────
2026-10-07 12:38:00.849 UTC | [XAU-BOT] 🔔 إغلاق شمعة M15 على XAUUSD @ 2026-10-07 12:38:00 UTC
2026-10-07 12:38:00.849 UTC | [XAU-BOT]    GET http://127.0.0.1:8000/decide-log-only?symbol=XAUUSD&timeframe=M15
2026-10-07 12:38:00.886 UTC | [XAU-BOT] ✅ قرار مُستلَم (نجاح #4) | mode=log-only | action=none | confidence=23.353 | position_size_usd=0
2026-10-07 12:38:00.887 UTC | [XAU-BOT]    reasons (6):
2026-10-07 12:38:00.887 UTC | [XAU-BOT]      - البيئة مناسبة للتداول
2026-10-07 12:38:00.887 UTC | [XAU-BOT]      - النظام الحالي: trend_down
2026-10-07 12:38:00.887 UTC | [XAU-BOT]      - ترند هابط واضح (ميل EMA=-2.35)
2026-10-07 12:38:00.887 UTC | [XAU-BOT]      - RSI محايد نسبياً (43.8)
2026-10-07 12:38:00.887 UTC | [XAU-BOT]      - الدولار في حالة تذبذب — لا إشارة واضحة
2026-10-07 12:38:00.887 UTC | [XAU-BOT]      - النتيجة النهائية: -23.4 (اتجاه=none)
2026-10-07 12:38:00.887 UTC | [XAU-BOT]    dollar_trend_debug: null
2026-10-07 12:51:52.426 UTC | [XAU-BOT] ────────────────────────────────────────────────────────────────
2026-10-07 12:51:52.428 UTC | [XAU-BOT] 🔔 إغلاق شمعة M15 على XAUUSD @ 2026-10-07 12:51:52 UTC
2026-10-07 12:51:52.428 UTC | [XAU-BOT]    GET http://127.0.0.1:8000/decide-log-only?symbol=XAUUSD&timeframe=M15
2026-10-07 12:51:52.466 UTC | [XAU-BOT] ✅ قرار مُستلَم (نجاح #5) | mode=log-only | action=none | confidence=22.967 | position_size_usd=0
2026-10-07 12:51:52.467 UTC | [XAU-BOT]    reasons (6):
2026-10-07 12:51:52.467 UTC | [XAU-BOT]      - البيئة مناسبة للتداول
2026-10-07 12:51:52.467 UTC | [XAU-BOT]      - النظام الحالي: range
2026-10-07 12:51:52.467 UTC | [XAU-BOT]      - السوق متذبذب — لا إشارة اتجاه واضحة
2026-10-07 12:51:52.467 UTC | [XAU-BOT]      - RSI محايد نسبياً (65.2)
2026-10-07 12:51:52.467 UTC | [XAU-BOT]      - الدولار في اتجاه هابط — يدعم صعود الذهب
2026-10-07 12:51:52.467 UTC | [XAU-BOT]      - النتيجة النهائية: 23.0 (اتجاه=none)
2026-10-07 12:51:52.467 UTC | [XAU-BOT]    dollar_trend_debug: null
2026-10-07 12:51:52.469 UTC | [XAU-BOT] توقّف الـcBot. إجمالي استدعاءات Brain API الناجحة=5 | الفاشلة=0.
2026-10-07 12:51:52.469 UTC | [XAU-BOT] =================================================================
# finishedUtc=2026-10-07T12:51:52.4695032Z httpCalls=5
