2026-10-07 12:58:26.587 UTC | [XAU-BOT] =================================================================
2026-10-07 12:58:26.587 UTC | [XAU-BOT] بدء تشغيل XauBotExecutor — وضع مراقبة فقط (لا تنفيذ صفقات في هذه الدفعة).
2026-10-07 12:58:26.587 UTC | [XAU-BOT] RunningMode=RealTime | IsBacktesting=False
2026-10-07 12:58:26.587 UTC | [XAU-BOT] الحساب: النوع=Hedged | الرقم=12345678 | الوسيط=HarnessBroker | IsLive=False
2026-10-07 12:58:26.587 UTC | [XAU-BOT] ✅ فحص الحماية: الحساب Demo (IsLive=false) — تم اجتيازه. متابعة التشغيل.
2026-10-07 12:58:26.587 UTC | [XAU-BOT] تم الاشتراك في إغلاق شمعة M15 للرمز: XAUUSD
2026-10-07 12:58:26.587 UTC | [XAU-BOT] Endpoint: http://127.0.0.1:8000/decide-log-only?symbol=<symbol>&timeframe=M15
2026-10-07 12:58:26.587 UTC | [XAU-BOT] جاهز. سيُستدعى Brain API عند كل إغلاق شمعة M15.
2026-10-07 12:58:26.587 UTC | [XAU-BOT] =================================================================
2026-10-07 12:58:26.587 UTC | [XAU-BOT] ────────────────────────────────────────────────────────────────
2026-10-07 12:58:26.587 UTC | [XAU-BOT] 🔔 إغلاق شمعة M15 على XAUUSD @ 2026-10-07 12:58:26 UTC
2026-10-07 12:58:26.587 UTC | [XAU-BOT]    GET http://127.0.0.1:8000/decide-log-only?symbol=XAUUSD&timeframe=M15
2026-10-07 12:58:26.587 UTC | [XAU-BOT] ⚠️ خطأ HTTP من Brain API: Simulated: connection refused (network down)
2026-10-07 12:58:26.587 UTC | [XAU-BOT]    ستُعاد المحاولة عند إغلاق شمعة M15 التالية.
2026-10-07 12:58:26.587 UTC | [XAU-BOT] ────────────────────────────────────────────────────────────────
2026-10-07 12:58:26.587 UTC | [XAU-BOT] 🔔 إغلاق شمعة M15 على XAUUSD @ 2026-10-07 12:58:26 UTC
2026-10-07 12:58:26.587 UTC | [XAU-BOT]    GET http://127.0.0.1:8000/decide-log-only?symbol=XAUUSD&timeframe=M15
2026-10-07 12:58:26.600 UTC | [XAU-BOT] ✅ قرار مُستلَم (نجاح #1) | mode=log-only | action=none | confidence=18.962 | position_size_usd=0
2026-10-07 12:58:26.600 UTC | [XAU-BOT]    reasons (6):
2026-10-07 12:58:26.600 UTC | [XAU-BOT]      - البيئة مناسبة للتداول
2026-10-07 12:58:26.600 UTC | [XAU-BOT]      - النظام الحالي: range
2026-10-07 12:58:26.600 UTC | [XAU-BOT]      - السوق متذبذب — لا إشارة اتجاه واضحة
2026-10-07 12:58:26.600 UTC | [XAU-BOT]      - RSI محايد نسبياً (45.9)
2026-10-07 12:58:26.600 UTC | [XAU-BOT]      - الدولار في اتجاه صاعد — يضغط على الذهب
2026-10-07 12:58:26.600 UTC | [XAU-BOT]      - النتيجة النهائية: -19.0 (اتجاه=none)
2026-10-07 12:58:26.600 UTC | [XAU-BOT]    dollar_trend_debug: null
