2026-10-07 22:03:42.946 UTC | [XAU-BOT] =================================================================
2026-10-07 22:03:42.946 UTC | [XAU-BOT] بدء تشغيل XauBotExecutor.
2026-10-07 22:03:42.946 UTC | [XAU-BOT] RunningMode=RealTime | IsBacktesting=False
2026-10-07 22:03:42.946 UTC | [XAU-BOT] الحساب: النوع=Hedged | الرقم=12345678 | الوسيط=HarnessBroker | IsLive=False
2026-10-07 22:03:42.946 UTC | [XAU-BOT] ExecutionEnabled=true — التنفيذ الفعلي مُفعَّل.
2026-10-07 22:03:42.946 UTC | [XAU-BOT] ✅ فحص الحماية: الحساب Demo (IsLive=false) — تم اجتيازه. متابعة التشغيل.
2026-10-07 22:03:42.946 UTC | [XAU-BOT] تم الاشتراك في إغلاق شمعة M15 للرمز: XAUUSD
2026-10-07 22:03:42.946 UTC | [XAU-BOT] Endpoint: http://127.0.0.1:8000/decide-log-only?symbol=<symbol>&timeframe=M15
2026-10-07 22:03:42.946 UTC | [XAU-BOT] جاهز. سيُستدعى Brain API عند كل إغلاق شمعة M15.
2026-10-07 22:03:42.946 UTC | [XAU-BOT] =================================================================
2026-10-07 22:03:42.947 UTC | [XAU-BOT] ────────────────────────────────────────────────────────────────
2026-10-07 22:03:42.947 UTC | [XAU-BOT] 🔔 إغلاق شمعة M15 على XAUUSD @ 2026-01-01 09:45:00 UTC
2026-10-07 22:03:42.947 UTC | [XAU-BOT]    GET http://127.0.0.1:8000/decide-log-only?symbol=XAUUSD&timeframe=M15
2026-10-07 22:03:42.947 UTC | [XAU-BOT] ✅ قرار مُستلَم (نجاح #1) | mode=log-only | action=buy | confidence=90 | position_size_usd=15
2026-10-07 22:03:42.947 UTC | [XAU-BOT]    reasons (1):
2026-10-07 22:03:42.947 UTC | [XAU-BOT]      - harness
2026-10-07 22:03:42.947 UTC | [XAU-BOT]    dollar_trend_debug: null
2026-10-07 22:03:42.947 UTC | [XAU-BOT]    ℹ️ القرار يدعو إلى 'buy' — سيُقيَّم للتنفيذ وفق شروط الطبقة 1.
2026-10-07 22:03:42.948 UTC | [XAU-BOT] [تنفيذ] إرسال أمر BUY: volume=10 وحدة | SL=15 pips | TP=22.5 pips | RR=1.5 | المخاطرة المقصودة≈$15 (القيمة من Brain=$15، السقف=$50)
2026-10-07 22:03:42.948 UTC | [XAU-BOT] [تنفيذ] ATR=1 | مضاعف SL=1.5 | PipSize=0.1 | PipValue/وحدة=0.1
2026-10-07 22:03:42.950 UTC | [XAU-BOT] [تنفيذ] ✅ فُتح المركز #900001 على XAUUSD:
2026-10-07 22:03:42.950 UTC | [XAU-BOT]    السعر الفعلي للتنفيذ (قد يختلف عن اللحظي بسبب الانزلاق): 2000.1
2026-10-07 22:03:42.950 UTC | [XAU-BOT]    الحجم الفعلي: 10 وحدة
2026-10-07 22:03:42.950 UTC | [XAU-BOT]    SL الفعلي على الخادم: 1998.6 | TP الفعلي على الخادم: 2002.35
2026-10-07 22:03:42.950 UTC | [XAU-BOT]    مفتاح منع التكرار (وقت الشمعة): 2026-01-01 09:45 UTC
