2026-10-07 22:03:42.701 UTC | [XAU-BOT] =================================================================
2026-10-07 22:03:42.711 UTC | [XAU-BOT] بدء تشغيل XauBotExecutor.
2026-10-07 22:03:42.718 UTC | [XAU-BOT] RunningMode=RealTime | IsBacktesting=False
2026-10-07 22:03:42.719 UTC | [XAU-BOT] الحساب: النوع=Hedged | الرقم=12345678 | الوسيط=HarnessBroker | IsLive=False
2026-10-07 22:03:42.719 UTC | [XAU-BOT] ExecutionEnabled=false — وضع مراقبة فقط.
2026-10-07 22:03:42.720 UTC | [XAU-BOT] ✅ فحص الحماية: الحساب Demo (IsLive=false) — تم اجتيازه. متابعة التشغيل.
2026-10-07 22:03:42.720 UTC | [XAU-BOT] تم الاشتراك في إغلاق شمعة M15 للرمز: XAUUSD
2026-10-07 22:03:42.722 UTC | [XAU-BOT] Endpoint: http://127.0.0.1:8000/decide-log-only?symbol=<symbol>&timeframe=M15
2026-10-07 22:03:42.722 UTC | [XAU-BOT] جاهز. سيُستدعى Brain API عند كل إغلاق شمعة M15.
2026-10-07 22:03:42.722 UTC | [XAU-BOT] =================================================================
2026-10-07 22:03:42.732 UTC | [XAU-BOT] ────────────────────────────────────────────────────────────────
2026-10-07 22:03:42.740 UTC | [XAU-BOT] 🔔 إغلاق شمعة M15 على XAUUSD @ 2026-10-07 22:03:42 UTC
2026-10-07 22:03:42.740 UTC | [XAU-BOT]    GET http://127.0.0.1:8000/decide-log-only?symbol=XAUUSD&timeframe=M15
2026-10-07 22:03:42.896 UTC | [XAU-BOT] ✅ قرار مُستلَم (نجاح #1) | mode=log-only | action=none | confidence=17.497 | position_size_usd=0
2026-10-07 22:03:42.896 UTC | [XAU-BOT]    reasons (6):
2026-10-07 22:03:42.896 UTC | [XAU-BOT]      - البيئة مناسبة للتداول
2026-10-07 22:03:42.896 UTC | [XAU-BOT]      - النظام الحالي: range
2026-10-07 22:03:42.896 UTC | [XAU-BOT]      - السوق متذبذب — لا إشارة اتجاه واضحة
2026-10-07 22:03:42.896 UTC | [XAU-BOT]      - RSI محايد نسبياً (50.0)
2026-10-07 22:03:42.896 UTC | [XAU-BOT]      - الدولار في اتجاه هابط — يدعم صعود الذهب
2026-10-07 22:03:42.896 UTC | [XAU-BOT]      - النتيجة النهائية: 17.5 (اتجاه=none)
2026-10-07 22:03:42.896 UTC | [XAU-BOT]    dollar_trend_debug: null
2026-10-07 22:03:42.898 UTC | [XAU-BOT] [تنفيذ] مرفوض: ExecutionEnabled=false — وضع مراقبة فقط (لا يُفتح أي أمر).
2026-10-07 22:03:42.899 UTC | [XAU-BOT] ────────────────────────────────────────────────────────────────
2026-10-07 22:03:42.899 UTC | [XAU-BOT] 🔔 إغلاق شمعة M15 على XAUUSD @ 2026-10-07 22:03:42 UTC
2026-10-07 22:03:42.899 UTC | [XAU-BOT]    GET http://127.0.0.1:8000/decide-log-only?symbol=XAUUSD&timeframe=M15
2026-10-07 22:03:42.914 UTC | [XAU-BOT] ✅ قرار مُستلَم (نجاح #2) | mode=log-only | action=none | confidence=14.637 | position_size_usd=0
2026-10-07 22:03:42.914 UTC | [XAU-BOT]    reasons (6):
2026-10-07 22:03:42.914 UTC | [XAU-BOT]      - البيئة مناسبة للتداول
2026-10-07 22:03:42.914 UTC | [XAU-BOT]      - النظام الحالي: range
2026-10-07 22:03:42.914 UTC | [XAU-BOT]      - السوق متذبذب — لا إشارة اتجاه واضحة
2026-10-07 22:03:42.914 UTC | [XAU-BOT]      - RSI محايد نسبياً (42.0)
2026-10-07 22:03:42.914 UTC | [XAU-BOT]      - الدولار في اتجاه هابط — يدعم صعود الذهب
2026-10-07 22:03:42.914 UTC | [XAU-BOT]      - النتيجة النهائية: 14.6 (اتجاه=none)
2026-10-07 22:03:42.914 UTC | [XAU-BOT]    dollar_trend_debug: null
2026-10-07 22:03:42.914 UTC | [XAU-BOT] [تنفيذ] مرفوض: ExecutionEnabled=false — وضع مراقبة فقط (لا يُفتح أي أمر).
2026-10-07 22:03:42.914 UTC | [XAU-BOT] ────────────────────────────────────────────────────────────────
2026-10-07 22:03:42.914 UTC | [XAU-BOT] 🔔 إغلاق شمعة M15 على XAUUSD @ 2026-10-07 22:03:42 UTC
2026-10-07 22:03:42.914 UTC | [XAU-BOT]    GET http://127.0.0.1:8000/decide-log-only?symbol=XAUUSD&timeframe=M15
2026-10-07 22:03:42.923 UTC | [XAU-BOT] ✅ قرار مُستلَم (نجاح #3) | mode=log-only | action=none | confidence=17.901 | position_size_usd=0
2026-10-07 22:03:42.923 UTC | [XAU-BOT]    reasons (6):
2026-10-07 22:03:42.923 UTC | [XAU-BOT]      - البيئة مناسبة للتداول
2026-10-07 22:03:42.923 UTC | [XAU-BOT]      - النظام الحالي: trend_up
2026-10-07 22:03:42.923 UTC | [XAU-BOT]      - ترند صاعد واضح (ميل EMA=3.48)
2026-10-07 22:03:42.923 UTC | [XAU-BOT]      - RSI محايد نسبياً (61.2)
2026-10-07 22:03:42.923 UTC | [XAU-BOT]      - الدولار في اتجاه صاعد — يضغط على الذهب
2026-10-07 22:03:42.923 UTC | [XAU-BOT]      - النتيجة النهائية: 17.9 (اتجاه=none)
2026-10-07 22:03:42.923 UTC | [XAU-BOT]    dollar_trend_debug: null
2026-10-07 22:03:42.923 UTC | [XAU-BOT] [تنفيذ] مرفوض: ExecutionEnabled=false — وضع مراقبة فقط (لا يُفتح أي أمر).
